// Jest Snapshot v1, https://goo.gl/fbAQLP

exports[`should test card component 1`] = `[Function]`;
