// Jest Snapshot v1, https://goo.gl/fbAQLP

exports[`should test bar chart component 1`] = `[Function]`;
