// Jest Snapshot v1, https://goo.gl/fbAQLP

exports[`sholud test temperature and search component 1`] = `[Function]`;
