// Jest Snapshot v1, https://goo.gl/fbAQLP

exports[`should test current details component 1`] = `[Function]`;
