// Jest Snapshot v1, https://goo.gl/fbAQLP

exports[`should test error component 1`] = `[Function]`;
