// Jest Snapshot v1, https://goo.gl/fbAQLP

exports[`should test Loading component 1`] = `[Function]`;
