// Jest Snapshot v1, https://goo.gl/fbAQLP

exports[`should test page change button component 1`] = `[Function]`;
